MEASURED baseline.loaded_from_ledger = {"assertions": 424150, "assertions_contextual": 268047, "assertions_strict": 112158, "assertions_unresolved": 43945, "culture_states": 11532, "entities": 152979, "event_assertion_links": 140830, "event_frames": 28065, "event_relations": 499, "evolution_transitions": 4, "provenance": 466312}
[U8] applying …
MEASURED U8.corpus_path = D:\REDCULTUREDATA\投稿材料_代码数据整理包\data\source_data\master_data.csv
MEASURED U8.corpus_sha256_16 = 6ce4f7f3341e3350
MEASURED U8.corpus_rows_scanned = 98762
MEASURED U8.keyword_hits_json = {"原名": 1122, "原称": 15, "当时属": 48, "改为": 2947, "改名": 629, "改名为": 480, "改称": 678, "时属": 17}
MEASURED U8.candidate_keys = 72
MEASURED U8.rows_total = 72
MEASURED U8.rows_inserted_this_run = 72
MEASURED U8.rows_auto_evidence = 50
MEASURED U8.rows_needs_review = 22
MEASURED U8.rows_with_valid_from = 23
MEASURED U8.pattern_distribution_json = {"former_name": 26, "renamed_to": 35, "same_period_parent": 11}
MEASURED U8.spatial_entities_total = 28667
MEASURED U8.spatial_entities_with_version = 62
MEASURED U8.coverage_of_spatial_entities = 0.002163
MEASURED U8.reject_counters_json = {"cur_side_not_eligible": 5758, "other_side_rejected": 117}
MEASURED U8.downgrade_counters_json = {"enumeration_context": 5, "parent_marker_before_keyword": 2}
[integrity] running full self-check …
MEASURED integrity.quick_check = ok
MEASURED integrity.foreign_key_errors = 0
MEASURED integrity.counts = {'entities': 152979, 'assertions': 424150, 'provenance': 466312, 'event_frames': 28065, 'event_assertion_links': 140830, 'culture_states': 11532, 'assertions_strict': 112158, 'assertions_contextual': 268047, 'assertions_unresolved': 43945, 'event_relations': 499, 'evolution_transitions': 4}
MEASURED integrity.counts_match_source = {'assertions': True, 'assertions_contextual': True, 'assertions_strict': True, 'assertions_unresolved': True, 'culture_states': True, 'entities': True, 'event_assertion_links': True, 'event_frames': True, 'event_relations': True, 'evolution_transitions': True, 'provenance': True}
MEASURED integrity.counts_all_match_source = True
MEASURED integrity.strict_relation_contract_violations = 0
MEASURED integrity.all_assertions_have_provenance_violations = 0
MEASURED integrity.tier_conservation_violations = 0
MEASURED integrity.eight_historical_stages = 8
MEASURED integrity.invalid_time_owner_refs = 0
MEASURED integrity.invalid_space_owner_refs = 0
MEASURED integrity.invalid_space_anchor_refs = 0
MEASURED integrity.invalid_state_subject_refs = 0
MEASURED integrity.u1_orphan_rows = 0
MEASURED integrity.u1_frames_total = 28065
MEASURED integrity.u1_frames_with_provenance = 27761
MEASURED integrity.u1_frames_with_locatable_evidence = 11116
MEASURED integrity.u2_residual_state_duplicate_canonical_groups = 0
MEASURED integrity.u2_residual_text_quintet_duplicate_canonical_groups = 1
MEASURED integrity.u2_merged_identity_mismatch = 0
MEASURED integrity.u2_merged_canonical_not_canonical = 0
MEASURED integrity.u2_pending_collision_groups = 0
MEASURED integrity.u2_unique_index_present = 1
MEASURED integrity.u2_view_rows = 423373
MEASURED integrity.u2_view_zero_provenance_rows = 0
MEASURED integrity.u3_source_flag_consistency_violations = 0
MEASURED integrity.u3_states_without_time = 0
MEASURED integrity.u3_fallback_masked_as_precise = 0
MEASURED integrity.u4_missing_basis = 0
MEASURED integrity.u4_not_inferred_violations = 0
MEASURED integrity.u4_recompute_mismatch = 0
MEASURED integrity.u4_rows_without_shared_counterpart = 0
MEASURED integrity.u5_recompute_mismatch = 0
MEASURED integrity.u5_not_inferred_violations = 0
MEASURED integrity.u5_missing_basis = 0
MEASURED integrity.u5_self_pairs = 0
MEASURED integrity.u6_ledger_rows_backfilled = 0
MEASURED integrity.u6_ledger_rewrite_classes = []
MEASURED integrity.u6_role_coverage_matches_ledger_after = True
MEASURED integrity.u7_rows_total = 382
MEASURED integrity.u7_non_spatial_endpoint_rows = 0
MEASURED integrity.u7_dangling_rows = 0
MEASURED integrity.u7_self_loop_rows = 0
MEASURED integrity.u7_duplicate_pair_rows = 0
MEASURED integrity.u7_status_distribution_json = {"auto_typed": 379, "rejected": 3}
MEASURED integrity.u7_active_rows_on_cycle = 0
MEASURED integrity.u8_rows_total = 72
MEASURED integrity.u8_non_spatial_place_rows = 0
MEASURED integrity.u8_non_spatial_parent_rows = 0
MEASURED integrity.u8_dangling_rows = 0
MEASURED integrity.u8_missing_evidence_rows = 0
MEASURED integrity.u8_duplicate_natural_key_rows = 0
MEASURED integrity.u8_status_distribution_json = {"auto_evidence": 50, "needs_review": 22}
[done]
