[copy] target exists, reused (matches_source=False)
MEASURED copy.source_sha256 = a199d736b9ec436b…
MEASURED copy.reused_existing = True
MEASURED baseline.loaded_from_ledger = {"assertions": 424150, "assertions_contextual": 268047, "assertions_strict": 112158, "assertions_unresolved": 43945, "culture_states": 11532, "entities": 152979, "event_assertion_links": 140830, "event_frames": 28065, "event_relations": 499, "evolution_transitions": 4, "provenance": 466312}
[U1] SKIP (already applied at 2026-09-10T16:15:51+08:00); current measured counts follow
MEASURED U1.coverage_locatable_evidence = 0.396081
MEASURED U1.coverage_with_provenance = 0.989168
MEASURED U1.distinct_assertions_covered = 134750
MEASURED U1.evidence_rows_total = 104865
MEASURED U1.frames_matched_in_sem_event_entities = 28065
MEASURED U1.frames_total = 28065
MEASURED U1.frames_with_locatable_evidence = 11116
MEASURED U1.frames_with_provenance = 27761
MEASURED U1.frames_without_provenance = 304
MEASURED U1.rows_inserted_total = 160245
[U2] SKIP (already applied at 2026-09-10T16:16:41+08:00); current measured counts follow
MEASURED U2.assertions_total_unchanged = 424150
MEASURED U2.canonical_fact_count = 423373
MEASURED U2.facts_merged_this_rule = 777
MEASURED U2.facts_merged_total = 777
MEASURED U2.identity_view_groups = 423373
MEASURED U2.max_provenance_members_per_identity = 10
MEASURED U2.merged_self_reference_violations = 0
MEASURED U2.raw_quintet_collision_groups = 655
MEASURED U2.raw_quintet_groups_kept_distinct = 1
MEASURED U2.raw_quintet_groups_merged = 654
MEASURED U2.state_identity_facts_in_groups = 1551
MEASURED U2.state_identity_groups = 774
MEASURED U2.unique_index_created = 1
[U3] SKIP (already applied at 2026-09-10T16:16:44+08:00); current measured counts follow
MEASURED U3.precision_distribution_json = {"stage_interval": 7719, "year": 1831, "period": 1214, "month": 768}
MEASURED U3.source_flag_consistency_violations = 0
MEASURED U3.states_fallback_to_stage = 7719
MEASURED U3.states_source_member_events_asserted = 2109
MEASURED U3.states_source_member_events_trusted = 1704
MEASURED U3.states_source_stage_interval = 7719
MEASURED U3.states_total = 11532
MEASURED U3.states_with_state_time = 11532
[U4] SKIP (already applied at 2026-09-10T16:16:52+08:00); current measured counts follow
MEASURED U4.candidate_pairs_shared_counterpart = 8695
MEASURED U4.confidence_min_max = [0.5, 0.9]
MEASURED U4.frames_involved = 528
MEASURED U4.relation_distribution_json = {"after": 3079, "before": 2815, "during": 2713, "overlaps": 88}
MEASURED U4.rows_missing_basis = 0
MEASURED U4.rows_not_inferred_violation = 0
MEASURED U4.rows_seen_in_this_run = 8695
MEASURED U4.rows_total = 8695
MEASURED U4.timed_frames_total = 696
[U5] SKIP (already applied at 2026-09-10T16:34:42+08:00); current measured counts follow
MEASURED U5.left_facts = 53319
MEASURED U5.precision_distribution_json = {"period": 3953608, "year": 1428582, "month": 254180}
MEASURED U5.relation_distribution_json = {"equals": 2755067, "after": 970961, "before": 970363, "contains": 378696, "during": 341380, "overlaps": 140701, "meets": 53908, "starts": 22927, "ends": 2367}
MEASURED U5.rows_family_same_entity = 3248879
MEASURED U5.rows_family_same_event = 945385
MEASURED U5.rows_family_same_state_subject = 1442106
MEASURED U5.rows_involving_merged_fact = 0
MEASURED U5.rows_missing_basis = 0
MEASURED U5.rows_not_inferred_violation = 0
MEASURED U5.rows_total = 5636370
[U6] SKIP (already applied at 2026-09-11T03:01:11+08:00); current measured counts follow
MEASURED U6.after_space_owner_cov = 0.019003
MEASURED U6.after_space_role_unknown_rate = 0.750949
MEASURED U6.after_time_owner_cov = 0.013373
MEASURED U6.after_time_role_unknown_rate = 0.816268
MEASURED U6.before_space_owner_cov = 0.019003
MEASURED U6.before_space_role_unknown_rate = 0.750949
MEASURED U6.before_time_owner_cov = 0.013373
MEASURED U6.before_time_role_unknown_rate = 0.816268
MEASURED U6.candidates_json = {"event_location→context_location": 7668, "event_location→relation_location": 7668, "mixed": 0, "other": 0, "unknown→event_occurrence": 37794}
MEASURED U6.global_heuristic_used = False
MEASURED U6.rewrite_classes_json = []
MEASURED U6.rows_backfilled = 0
MEASURED U6.rows_backfilled_by_class_json = {}
MEASURED U6.rule_actions_json = {"event_location→context_location": "RETAIN", "event_location→relation_location": "UNRESOLVED", "mixed": "UNRESOLVED", "other": "UNRESOLVED", "unknown→event_occurrence": "UNRESOLVED"}
MEASURED U6.rules_path = D:\REDCULTUREDATA\投稿材料_代码数据整理包\submission_work\final_submission_v3_1\experiments\05_scope_repair\v2_\CLOSURE3_RULES.json
MEASURED U6.rules_sha256_16 = 1121a0288854f280
MEASURED U6.unseen_type_default = UNRESOLVED
[U7] SKIP (already applied at 2026-09-11T03:01:11+08:00); current measured counts follow
MEASURED U7.non_spatial_endpoint_rows = 0
MEASURED U7.places_with_parent = 346
MEASURED U7.relation_distribution_json = {"located_in": 382}
MEASURED U7.rows_on_cycle = 3
MEASURED U7.rows_total = 382
MEASURED U7.s1_explicit_inserted_this_run = 206
MEASURED U7.s2_chain_inserted_this_run = 176
MEASURED U7.s2_chain_pairs_seen = 478
MEASURED U7.s2_skipped_json = {"city>county:multi_spatial": 13, "city>county:no_spatial_entity": 187, "city>county:type_ambiguous": 3, "province>city:multi_spatial": 3, "province>city:no_spatial_entity": 94, "province>city:type_ambiguous": 2, "within_basin:no_spatial_entity": 13}
MEASURED U7.s3_within_basin_inserted = 0
MEASURED U7.s3_within_basin_pairs_seen = 13
MEASURED U7.status_distribution_json = {"auto_typed": 379, "rejected": 3}
[U8] applying …
MEASURED U8.corpus_path = D:\REDCULTUREDATA\投稿材料_代码数据整理包\data\source_data\master_data.csv
MEASURED U8.corpus_sha256_16 = 6ce4f7f3341e3350
MEASURED U8.corpus_rows_scanned = 98762
MEASURED U8.keyword_hits_json = {"原名": 1122, "原称": 15, "当时属": 48, "改为": 2947, "改名": 629, "改名为": 480, "改称": 678, "时属": 17}
MEASURED U8.candidate_keys = 72
MEASURED U8.rows_total = 72
MEASURED U8.rows_inserted_this_run = 72
MEASURED U8.rows_auto_evidence = 51
MEASURED U8.rows_needs_review = 21
MEASURED U8.rows_with_valid_from = 23
MEASURED U8.pattern_distribution_json = {"former_name": 26, "renamed_to": 35, "same_period_parent": 11}
MEASURED U8.spatial_entities_total = 28667
MEASURED U8.spatial_entities_with_version = 62
MEASURED U8.coverage_of_spatial_entities = 0.002163
MEASURED U8.reject_counters_json = {"cur_side_not_eligible": 5758, "other_side_rejected": 117}
[integrity] running full self-check …
MEASURED integrity.quick_check = ok
MEASURED integrity.foreign_key_errors = 0
MEASURED integrity.counts = {'entities': 152979, 'assertions': 424150, 'provenance': 466312, 'event_frames': 28065, 'event_assertion_links': 140830, 'culture_states': 11532, 'assertions_strict': 112158, 'assertions_contextual': 268047, 'assertions_unresolved': 43945, 'event_relations': 499, 'evolution_transitions': 4}
MEASURED integrity.counts_match_source = {'assertions': True, 'assertions_contextual': True, 'assertions_strict': True, 'assertions_unresolved': True, 'culture_states': True, 'entities': True, 'event_assertion_links': True, 'event_frames': True, 'event_relations': True, 'evolution_transitions': True, 'provenance': True}
MEASURED integrity.counts_all_match_source = True
MEASURED integrity.strict_relation_contract_violations = 0
MEASURED integrity.all_assertions_have_provenance_violations = 0
MEASURED integrity.tier_conservation_violations = 0
MEASURED integrity.eight_historical_stages = 8
MEASURED integrity.invalid_time_owner_refs = 0
MEASURED integrity.invalid_space_owner_refs = 0
MEASURED integrity.invalid_space_anchor_refs = 0
MEASURED integrity.invalid_state_subject_refs = 0
MEASURED integrity.u1_orphan_rows = 0
MEASURED integrity.u1_frames_total = 28065
MEASURED integrity.u1_frames_with_provenance = 27761
MEASURED integrity.u1_frames_with_locatable_evidence = 11116
MEASURED integrity.u2_residual_state_duplicate_canonical_groups = 0
MEASURED integrity.u2_residual_text_quintet_duplicate_canonical_groups = 1
MEASURED integrity.u2_merged_identity_mismatch = 0
MEASURED integrity.u2_merged_canonical_not_canonical = 0
MEASURED integrity.u2_pending_collision_groups = 0
MEASURED integrity.u2_unique_index_present = 1
MEASURED integrity.u2_view_rows = 423373
MEASURED integrity.u2_view_zero_provenance_rows = 0
MEASURED integrity.u3_source_flag_consistency_violations = 0
MEASURED integrity.u3_states_without_time = 0
MEASURED integrity.u3_fallback_masked_as_precise = 0
MEASURED integrity.u4_missing_basis = 0
MEASURED integrity.u4_not_inferred_violations = 0
MEASURED integrity.u4_recompute_mismatch = 0
MEASURED integrity.u4_rows_without_shared_counterpart = 0
MEASURED integrity.u5_recompute_mismatch = 0
MEASURED integrity.u5_not_inferred_violations = 0
MEASURED integrity.u5_missing_basis = 0
MEASURED integrity.u5_self_pairs = 0
MEASURED integrity.u6_ledger_rows_backfilled = 0
MEASURED integrity.u6_ledger_rewrite_classes = []
MEASURED integrity.u6_role_coverage_matches_ledger_after = True
MEASURED integrity.u7_rows_total = 382
MEASURED integrity.u7_non_spatial_endpoint_rows = 0
MEASURED integrity.u7_dangling_rows = 0
MEASURED integrity.u7_self_loop_rows = 1
MEASURED integrity.u7_duplicate_pair_rows = 0
MEASURED integrity.u7_status_distribution_json = {"auto_typed": 379, "rejected": 3}
MEASURED integrity.u7_active_rows_on_cycle = 0
MEASURED integrity.u8_rows_total = 72
MEASURED integrity.u8_non_spatial_place_rows = 0
MEASURED integrity.u8_non_spatial_parent_rows = 0
MEASURED integrity.u8_dangling_rows = 0
MEASURED integrity.u8_missing_evidence_rows = 0
MEASURED integrity.u8_duplicate_natural_key_rows = 0
MEASURED integrity.u8_status_distribution_json = {"auto_evidence": 51, "needs_review": 21}
[done]
EXIT=0
